src/app/tools/ocr/page.tsx(142,17): error TS2322: Type '{ onClick: () => Promise<void>; processing: boolean; label: string; }' is not assignable to type 'IntrinsicAttributes & ProcessButtonProps'.
  Property 'processing' does not exist on type 'IntrinsicAttributes & ProcessButtonProps'.
